src/app/app.component.spec.ts(5,1): error TS2593: Cannot find name 'describe'. Do you need to install type definitions for a test runner? Try `npm i --save-dev @types/jest` or `npm i --save-dev @types/mocha` and then add 'jest' or 'mocha' to the types field in your tsconfig.
src/app/app.component.spec.ts(6,3): error TS2304: Cannot find name 'beforeEach'.
src/app/app.component.spec.ts(13,3): error TS2593: Cannot find name 'it'. Do you need to install type definitions for a test runner? Try `npm i --save-dev @types/jest` or `npm i --save-dev @types/mocha` and then add 'jest' or 'mocha' to the types field in your tsconfig.
src/app/app.component.spec.ts(16,5): error TS2304: Cannot find name 'expect'.
src/app/core/components/lang-selector/lang-selector.component.spec.ts(5,1): error TS2593: Cannot find name 'describe'. Do you need to install type definitions for a test runner? Try `npm i --save-dev @types/jest` or `npm i --save-dev @types/mocha` and then add 'jest' or 'mocha' to the types field in your tsconfig.
src/app/core/components/lang-selector/lang-selector.component.spec.ts(9,3): error TS2304: Cannot find name 'beforeEach'.
src/app/core/components/lang-selector/lang-selector.component.spec.ts(19,3): error TS2593: Cannot find name 'it'. Do you need to install type definitions for a test runner? Try `npm i --save-dev @types/jest` or `npm i --save-dev @types/mocha` and then add 'jest' or 'mocha' to the types field in your tsconfig.
src/app/core/components/lang-selector/lang-selector.component.spec.ts(20,5): error TS2304: Cannot find name 'expect'.
src/app/core/components/not-found-404/not-found-404.component.spec.ts(5,1): error TS2593: Cannot find name 'describe'. Do you need to install type definitions for a test runner? Try `npm i --save-dev @types/jest` or `npm i --save-dev @types/mocha` and then add 'jest' or 'mocha' to the types field in your tsconfig.
src/app/core/components/not-found-404/not-found-404.component.spec.ts(9,3): error TS2304: Cannot find name 'beforeEach'.
src/app/core/components/not-found-404/not-found-404.component.spec.ts(20,3): error TS2593: Cannot find name 'it'. Do you need to install type definitions for a test runner? Try `npm i --save-dev @types/jest` or `npm i --save-dev @types/mocha` and then add 'jest' or 'mocha' to the types field in your tsconfig.
src/app/core/components/not-found-404/not-found-404.component.spec.ts(21,5): error TS2304: Cannot find name 'expect'.
src/app/core/components/sections-wrapper/sections-wrapper.component.spec.ts(5,1): error TS2593: Cannot find name 'describe'. Do you need to install type definitions for a test runner? Try `npm i --save-dev @types/jest` or `npm i --save-dev @types/mocha` and then add 'jest' or 'mocha' to the types field in your tsconfig.
src/app/core/components/sections-wrapper/sections-wrapper.component.spec.ts(9,3): error TS2304: Cannot find name 'beforeEach'.
src/app/core/components/sections-wrapper/sections-wrapper.component.spec.ts(20,3): error TS2593: Cannot find name 'it'. Do you need to install type definitions for a test runner? Try `npm i --save-dev @types/jest` or `npm i --save-dev @types/mocha` and then add 'jest' or 'mocha' to the types field in your tsconfig.
src/app/core/components/sections-wrapper/sections-wrapper.component.spec.ts(21,5): error TS2304: Cannot find name 'expect'.
src/app/core/components/sidebar/sidebar.component.spec.ts(5,1): error TS2593: Cannot find name 'describe'. Do you need to install type definitions for a test runner? Try `npm i --save-dev @types/jest` or `npm i --save-dev @types/mocha` and then add 'jest' or 'mocha' to the types field in your tsconfig.
src/app/core/components/sidebar/sidebar.component.spec.ts(9,3): error TS2304: Cannot find name 'beforeEach'.
src/app/core/components/sidebar/sidebar.component.spec.ts(19,3): error TS2593: Cannot find name 'it'. Do you need to install type definitions for a test runner? Try `npm i --save-dev @types/jest` or `npm i --save-dev @types/mocha` and then add 'jest' or 'mocha' to the types field in your tsconfig.
src/app/core/components/sidebar/sidebar.component.spec.ts(20,5): error TS2304: Cannot find name 'expect'.
src/app/core/services/lang.service.spec.ts(5,1): error TS2593: Cannot find name 'describe'. Do you need to install type definitions for a test runner? Try `npm i --save-dev @types/jest` or `npm i --save-dev @types/mocha` and then add 'jest' or 'mocha' to the types field in your tsconfig.
src/app/core/services/lang.service.spec.ts(8,3): error TS2304: Cannot find name 'beforeEach'.
src/app/core/services/lang.service.spec.ts(13,3): error TS2593: Cannot find name 'it'. Do you need to install type definitions for a test runner? Try `npm i --save-dev @types/jest` or `npm i --save-dev @types/mocha` and then add 'jest' or 'mocha' to the types field in your tsconfig.
src/app/core/services/lang.service.spec.ts(14,5): error TS2304: Cannot find name 'expect'.
src/app/core/services/sanity.service.spec.ts(5,1): error TS2593: Cannot find name 'describe'. Do you need to install type definitions for a test runner? Try `npm i --save-dev @types/jest` or `npm i --save-dev @types/mocha` and then add 'jest' or 'mocha' to the types field in your tsconfig.
src/app/core/services/sanity.service.spec.ts(8,3): error TS2304: Cannot find name 'beforeEach'.
src/app/core/services/sanity.service.spec.ts(13,3): error TS2593: Cannot find name 'it'. Do you need to install type definitions for a test runner? Try `npm i --save-dev @types/jest` or `npm i --save-dev @types/mocha` and then add 'jest' or 'mocha' to the types field in your tsconfig.
src/app/core/services/sanity.service.spec.ts(14,5): error TS2304: Cannot find name 'expect'.
src/app/features/about/components/about.component.spec.ts(5,1): error TS2593: Cannot find name 'describe'. Do you need to install type definitions for a test runner? Try `npm i --save-dev @types/jest` or `npm i --save-dev @types/mocha` and then add 'jest' or 'mocha' to the types field in your tsconfig.
src/app/features/about/components/about.component.spec.ts(9,3): error TS2304: Cannot find name 'beforeEach'.
src/app/features/about/components/about.component.spec.ts(20,3): error TS2593: Cannot find name 'it'. Do you need to install type definitions for a test runner? Try `npm i --save-dev @types/jest` or `npm i --save-dev @types/mocha` and then add 'jest' or 'mocha' to the types field in your tsconfig.
src/app/features/about/components/about.component.spec.ts(21,5): error TS2304: Cannot find name 'expect'.
src/app/features/certs/components/certs-filter/certs-filter.component.spec.ts(5,1): error TS2593: Cannot find name 'describe'. Do you need to install type definitions for a test runner? Try `npm i --save-dev @types/jest` or `npm i --save-dev @types/mocha` and then add 'jest' or 'mocha' to the types field in your tsconfig.
src/app/features/certs/components/certs-filter/certs-filter.component.spec.ts(9,3): error TS2304: Cannot find name 'beforeEach'.
src/app/features/certs/components/certs-filter/certs-filter.component.spec.ts(19,3): error TS2593: Cannot find name 'it'. Do you need to install type definitions for a test runner? Try `npm i --save-dev @types/jest` or `npm i --save-dev @types/mocha` and then add 'jest' or 'mocha' to the types field in your tsconfig.
src/app/features/certs/components/certs-filter/certs-filter.component.spec.ts(20,5): error TS2304: Cannot find name 'expect'.
src/app/features/certs/components/certs-filter/certs-filter.component.ts(6,8): error TS2307: Cannot find module 'src/app/features/certs/interfaces/certs.interface' or its corresponding type declarations.
src/app/features/certs/components/certs.component.spec.ts(5,1): error TS2593: Cannot find name 'describe'. Do you need to install type definitions for a test runner? Try `npm i --save-dev @types/jest` or `npm i --save-dev @types/mocha` and then add 'jest' or 'mocha' to the types field in your tsconfig.
src/app/features/certs/components/certs.component.spec.ts(9,3): error TS2304: Cannot find name 'beforeEach'.
src/app/features/certs/components/certs.component.spec.ts(20,3): error TS2593: Cannot find name 'it'. Do you need to install type definitions for a test runner? Try `npm i --save-dev @types/jest` or `npm i --save-dev @types/mocha` and then add 'jest' or 'mocha' to the types field in your tsconfig.
src/app/features/certs/components/certs.component.spec.ts(21,5): error TS2304: Cannot find name 'expect'.
src/app/features/contact/components/contact.component.spec.ts(5,1): error TS2593: Cannot find name 'describe'. Do you need to install type definitions for a test runner? Try `npm i --save-dev @types/jest` or `npm i --save-dev @types/mocha` and then add 'jest' or 'mocha' to the types field in your tsconfig.
src/app/features/contact/components/contact.component.spec.ts(9,3): error TS2304: Cannot find name 'beforeEach'.
src/app/features/contact/components/contact.component.spec.ts(20,3): error TS2593: Cannot find name 'it'. Do you need to install type definitions for a test runner? Try `npm i --save-dev @types/jest` or `npm i --save-dev @types/mocha` and then add 'jest' or 'mocha' to the types field in your tsconfig.
src/app/features/contact/components/contact.component.spec.ts(21,5): error TS2304: Cannot find name 'expect'.
src/app/features/experience/components/experience.component.spec.ts(5,1): error TS2593: Cannot find name 'describe'. Do you need to install type definitions for a test runner? Try `npm i --save-dev @types/jest` or `npm i --save-dev @types/mocha` and then add 'jest' or 'mocha' to the types field in your tsconfig.
src/app/features/experience/components/experience.component.spec.ts(9,3): error TS2304: Cannot find name 'beforeEach'.
src/app/features/experience/components/experience.component.spec.ts(20,3): error TS2593: Cannot find name 'it'. Do you need to install type definitions for a test runner? Try `npm i --save-dev @types/jest` or `npm i --save-dev @types/mocha` and then add 'jest' or 'mocha' to the types field in your tsconfig.
src/app/features/experience/components/experience.component.spec.ts(21,5): error TS2304: Cannot find name 'expect'.
src/app/features/experience/directives/timeline.directive.spec.ts(3,1): error TS2593: Cannot find name 'describe'. Do you need to install type definitions for a test runner? Try `npm i --save-dev @types/jest` or `npm i --save-dev @types/mocha` and then add 'jest' or 'mocha' to the types field in your tsconfig.
src/app/features/experience/directives/timeline.directive.spec.ts(4,3): error TS2593: Cannot find name 'it'. Do you need to install type definitions for a test runner? Try `npm i --save-dev @types/jest` or `npm i --save-dev @types/mocha` and then add 'jest' or 'mocha' to the types field in your tsconfig.
src/app/features/experience/directives/timeline.directive.spec.ts(6,5): error TS2304: Cannot find name 'expect'.
src/app/features/home/components/home.component.spec.ts(5,1): error TS2593: Cannot find name 'describe'. Do you need to install type definitions for a test runner? Try `npm i --save-dev @types/jest` or `npm i --save-dev @types/mocha` and then add 'jest' or 'mocha' to the types field in your tsconfig.
src/app/features/home/components/home.component.spec.ts(9,3): error TS2304: Cannot find name 'beforeEach'.
src/app/features/home/components/home.component.spec.ts(20,3): error TS2593: Cannot find name 'it'. Do you need to install type definitions for a test runner? Try `npm i --save-dev @types/jest` or `npm i --save-dev @types/mocha` and then add 'jest' or 'mocha' to the types field in your tsconfig.
src/app/features/home/components/home.component.spec.ts(21,5): error TS2304: Cannot find name 'expect'.
src/app/features/projects/components/project/project.component.spec.ts(5,1): error TS2593: Cannot find name 'describe'. Do you need to install type definitions for a test runner? Try `npm i --save-dev @types/jest` or `npm i --save-dev @types/mocha` and then add 'jest' or 'mocha' to the types field in your tsconfig.
src/app/features/projects/components/project/project.component.spec.ts(9,3): error TS2304: Cannot find name 'beforeEach'.
src/app/features/projects/components/project/project.component.spec.ts(19,3): error TS2593: Cannot find name 'it'. Do you need to install type definitions for a test runner? Try `npm i --save-dev @types/jest` or `npm i --save-dev @types/mocha` and then add 'jest' or 'mocha' to the types field in your tsconfig.
src/app/features/projects/components/project/project.component.spec.ts(20,5): error TS2304: Cannot find name 'expect'.
src/app/features/projects/components/projects.component.spec.ts(5,1): error TS2593: Cannot find name 'describe'. Do you need to install type definitions for a test runner? Try `npm i --save-dev @types/jest` or `npm i --save-dev @types/mocha` and then add 'jest' or 'mocha' to the types field in your tsconfig.
src/app/features/projects/components/projects.component.spec.ts(9,3): error TS2304: Cannot find name 'beforeEach'.
src/app/features/projects/components/projects.component.spec.ts(19,3): error TS2593: Cannot find name 'it'. Do you need to install type definitions for a test runner? Try `npm i --save-dev @types/jest` or `npm i --save-dev @types/mocha` and then add 'jest' or 'mocha' to the types field in your tsconfig.
src/app/features/projects/components/projects.component.spec.ts(20,5): error TS2304: Cannot find name 'expect'.
src/app/features/skills/components/skill/skill.component.spec.ts(5,1): error TS2593: Cannot find name 'describe'. Do you need to install type definitions for a test runner? Try `npm i --save-dev @types/jest` or `npm i --save-dev @types/mocha` and then add 'jest' or 'mocha' to the types field in your tsconfig.
src/app/features/skills/components/skill/skill.component.spec.ts(9,3): error TS2304: Cannot find name 'beforeEach'.
src/app/features/skills/components/skill/skill.component.spec.ts(19,3): error TS2593: Cannot find name 'it'. Do you need to install type definitions for a test runner? Try `npm i --save-dev @types/jest` or `npm i --save-dev @types/mocha` and then add 'jest' or 'mocha' to the types field in your tsconfig.
src/app/features/skills/components/skill/skill.component.spec.ts(20,5): error TS2304: Cannot find name 'expect'.
src/app/features/skills/components/skills.component.spec.ts(5,1): error TS2593: Cannot find name 'describe'. Do you need to install type definitions for a test runner? Try `npm i --save-dev @types/jest` or `npm i --save-dev @types/mocha` and then add 'jest' or 'mocha' to the types field in your tsconfig.
src/app/features/skills/components/skills.component.spec.ts(9,3): error TS2304: Cannot find name 'beforeEach'.
src/app/features/skills/components/skills.component.spec.ts(20,3): error TS2593: Cannot find name 'it'. Do you need to install type definitions for a test runner? Try `npm i --save-dev @types/jest` or `npm i --save-dev @types/mocha` and then add 'jest' or 'mocha' to the types field in your tsconfig.
src/app/features/skills/components/skills.component.spec.ts(21,5): error TS2304: Cannot find name 'expect'.
src/app/shared/components/button/button.component.spec.ts(5,1): error TS2593: Cannot find name 'describe'. Do you need to install type definitions for a test runner? Try `npm i --save-dev @types/jest` or `npm i --save-dev @types/mocha` and then add 'jest' or 'mocha' to the types field in your tsconfig.
src/app/shared/components/button/button.component.spec.ts(9,3): error TS2304: Cannot find name 'beforeEach'.
src/app/shared/components/button/button.component.spec.ts(20,3): error TS2593: Cannot find name 'it'. Do you need to install type definitions for a test runner? Try `npm i --save-dev @types/jest` or `npm i --save-dev @types/mocha` and then add 'jest' or 'mocha' to the types field in your tsconfig.
src/app/shared/components/button/button.component.spec.ts(21,5): error TS2304: Cannot find name 'expect'.
src/app/shared/components/lazy-load-container/lazy-load-container.component.spec.ts(5,1): error TS2593: Cannot find name 'describe'. Do you need to install type definitions for a test runner? Try `npm i --save-dev @types/jest` or `npm i --save-dev @types/mocha` and then add 'jest' or 'mocha' to the types field in your tsconfig.
src/app/shared/components/lazy-load-container/lazy-load-container.component.spec.ts(9,3): error TS2304: Cannot find name 'beforeEach'.
src/app/shared/components/lazy-load-container/lazy-load-container.component.spec.ts(20,3): error TS2593: Cannot find name 'it'. Do you need to install type definitions for a test runner? Try `npm i --save-dev @types/jest` or `npm i --save-dev @types/mocha` and then add 'jest' or 'mocha' to the types field in your tsconfig.
src/app/shared/components/lazy-load-container/lazy-load-container.component.spec.ts(21,5): error TS2304: Cannot find name 'expect'.
src/app/shared/components/photo/photo.component.spec.ts(5,1): error TS2593: Cannot find name 'describe'. Do you need to install type definitions for a test runner? Try `npm i --save-dev @types/jest` or `npm i --save-dev @types/mocha` and then add 'jest' or 'mocha' to the types field in your tsconfig.
src/app/shared/components/photo/photo.component.spec.ts(9,3): error TS2304: Cannot find name 'beforeEach'.
src/app/shared/components/photo/photo.component.spec.ts(19,3): error TS2593: Cannot find name 'it'. Do you need to install type definitions for a test runner? Try `npm i --save-dev @types/jest` or `npm i --save-dev @types/mocha` and then add 'jest' or 'mocha' to the types field in your tsconfig.
src/app/shared/components/photo/photo.component.spec.ts(20,5): error TS2304: Cannot find name 'expect'.
